// Jest Snapshot v1, https://goo.gl/fbAQLP

exports[`Linkify (1)  1`] = `"https://steemit.com/@foo/fancy-post-title-001"`;
